// Jest Snapshot v1, https://goo.gl/fbAQLP

exports[`App.js Should render properly 1`] = `
<div
  data-testid="myid"
>
  Hello World
</div>
`;
